// Jest Snapshot v1, https://goo.gl/fbAQLP

exports[`Heading it should correctly apply custom colors 1`] = `
"<!-- wp:heading {\\"level\\":3,\\"customTextColor\\":\\"#181717\\"} -->
<h3 style=\\"color:#181717\\">Heading</h3>
<!-- /wp:heading -->"
`;

exports[`Heading it should correctly apply named colors 1`] = `
"<!-- wp:heading {\\"textColor\\":\\"white\\"} -->
<h2 class=\\"has-white-color\\">Heading</h2>
<!-- /wp:heading -->"
`;
